#-----------------------------------------------------------
# Vivado v2022.1 (64-bit)
# SW Build 3526262 on Mon Apr 18 15:48:16 MDT 2022
# IP Build 3524634 on Mon Apr 18 20:55:01 MDT 2022
# Start of session at: Thu Nov 17 19:57:38 2022
# Process ID: 11028
# Current directory: C:/Users/quinn.ti/Documents/lab6
# Command line: vivado.exe -gui_launcher_event rodinguilauncherevent16728 C:\Users\quinn.ti\Documents\lab6\lab6.xpr
# Log file: C:/Users/quinn.ti/Documents/lab6/vivado.log
# Journal file: C:/Users/quinn.ti/Documents/lab6\vivado.jou
# Running On: WFXA4BB6DBB7727, OS: Windows, CPU Frequency: 2904 MHz, CPU Physical cores: 8, Host memory: 16881 MB
#-----------------------------------------------------------
start_gui
open_project C:/Users/quinn.ti/Documents/lab6/lab6.xpr
update_compile_order -fileset sources_1
reset_run synth_1
reset_run inst_mem_synth_1
launch_runs impl_1 -to_step write_bitstream -jobs 8
wait_on_run impl_1
open_run impl_1
open_hw_manager
connect_hw_server -allow_non_jtag
open_hw_target
set_property PROGRAM.FILE {C:/Users/quinn.ti/Documents/lab6/lab6.runs/impl_1/alu_instrmem_top.bit} [get_hw_devices xc7z020_0]
set_property PROBES.FILE {C:/Users/quinn.ti/Documents/lab6/lab6.runs/impl_1/alu_instrmem_top.ltx} [get_hw_devices xc7z020_0]
set_property FULL_PROBES.FILE {C:/Users/quinn.ti/Documents/lab6/lab6.runs/impl_1/alu_instrmem_top.ltx} [get_hw_devices xc7z020_0]
current_hw_device [get_hw_devices xc7z020_0]
refresh_hw_device [lindex [get_hw_devices xc7z020_0] 0]
set_property PROBES.FILE {C:/Users/quinn.ti/Documents/lab6/lab6.runs/impl_1/alu_instrmem_top.ltx} [get_hw_devices xc7z020_0]
set_property FULL_PROBES.FILE {C:/Users/quinn.ti/Documents/lab6/lab6.runs/impl_1/alu_instrmem_top.ltx} [get_hw_devices xc7z020_0]
set_property PROGRAM.FILE {C:/Users/quinn.ti/Documents/lab6/lab6.runs/impl_1/alu_instrmem_top.bit} [get_hw_devices xc7z020_0]
program_hw_devices [get_hw_devices xc7z020_0]
refresh_hw_device [lindex [get_hw_devices xc7z020_0] 0]
set_property PROBES.FILE {C:/Users/quinn.ti/Documents/lab6/lab6.runs/impl_1/alu_instrmem_top.ltx} [get_hw_devices xc7z020_0]
set_property FULL_PROBES.FILE {C:/Users/quinn.ti/Documents/lab6/lab6.runs/impl_1/alu_instrmem_top.ltx} [get_hw_devices xc7z020_0]
set_property PROGRAM.FILE {C:/Users/quinn.ti/Documents/lab6/lab6.runs/impl_1/alu_instrmem_top.bit} [get_hw_devices xc7z020_0]
program_hw_devices [get_hw_devices xc7z020_0]
refresh_hw_device [lindex [get_hw_devices xc7z020_0] 0]
set_property PROBES.FILE {C:/Users/quinn.ti/Documents/lab6/lab6.runs/impl_1/alu_instrmem_top.ltx} [get_hw_devices xc7z020_0]
set_property FULL_PROBES.FILE {C:/Users/quinn.ti/Documents/lab6/lab6.runs/impl_1/alu_instrmem_top.ltx} [get_hw_devices xc7z020_0]
set_property PROGRAM.FILE {C:/Users/quinn.ti/Documents/lab6/lab6.runs/impl_1/alu_instrmem_top.bit} [get_hw_devices xc7z020_0]
program_hw_devices [get_hw_devices xc7z020_0]
refresh_hw_device [lindex [get_hw_devices xc7z020_0] 0]
set_property PROBES.FILE {C:/Users/quinn.ti/Documents/lab6/lab6.runs/impl_1/alu_instrmem_top.ltx} [get_hw_devices xc7z020_0]
set_property FULL_PROBES.FILE {C:/Users/quinn.ti/Documents/lab6/lab6.runs/impl_1/alu_instrmem_top.ltx} [get_hw_devices xc7z020_0]
set_property PROGRAM.FILE {C:/Users/quinn.ti/Documents/lab6/lab6.runs/impl_1/alu_instrmem_top.bit} [get_hw_devices xc7z020_0]
program_hw_devices [get_hw_devices xc7z020_0]
refresh_hw_device [lindex [get_hw_devices xc7z020_0] 0]
set_property PROBES.FILE {C:/Users/quinn.ti/Documents/lab6/lab6.runs/impl_1/alu_instrmem_top.ltx} [get_hw_devices xc7z020_0]
set_property FULL_PROBES.FILE {C:/Users/quinn.ti/Documents/lab6/lab6.runs/impl_1/alu_instrmem_top.ltx} [get_hw_devices xc7z020_0]
set_property PROGRAM.FILE {C:/Users/quinn.ti/Documents/lab6/lab6.runs/impl_1/alu_instrmem_top.bit} [get_hw_devices xc7z020_0]
program_hw_devices [get_hw_devices xc7z020_0]
refresh_hw_device [lindex [get_hw_devices xc7z020_0] 0]
refresh_hw_device [lindex [get_hw_devices xc7z020_0] 0]
set_property PROBES.FILE {C:/Users/quinn.ti/Documents/lab6/lab6.runs/impl_1/alu_instrmem_top.ltx} [get_hw_devices xc7z020_0]
set_property FULL_PROBES.FILE {C:/Users/quinn.ti/Documents/lab6/lab6.runs/impl_1/alu_instrmem_top.ltx} [get_hw_devices xc7z020_0]
set_property PROGRAM.FILE {C:/Users/quinn.ti/Documents/lab6/lab6.runs/impl_1/alu_instrmem_top.bit} [get_hw_devices xc7z020_0]
program_hw_devices [get_hw_devices xc7z020_0]
refresh_hw_device [lindex [get_hw_devices xc7z020_0] 0]
set_property INPUT_VALUE_RADIX UNSIGNED [get_hw_probes alu_input2_instr_src -of_objects [get_hw_vios -of_objects [get_hw_devices xc7z020_0] -filter {CELL_NAME=~"vio"}]]
set_property INPUT_VALUE_RADIX SIGNED [get_hw_probes DataMemOut -of_objects [get_hw_vios -of_objects [get_hw_devices xc7z020_0] -filter {CELL_NAME=~"vio"}]]
set_property INPUT_VALUE_RADIX SIGNED [get_hw_probes alu_input2_instr_src -of_objects [get_hw_vios -of_objects [get_hw_devices xc7z020_0] -filter {CELL_NAME=~"vio"}]]
set_property INPUT_VALUE_RADIX SIGNED [get_hw_probes regfile_ReadData2 -of_objects [get_hw_vios -of_objects [get_hw_devices xc7z020_0] -filter {CELL_NAME=~"vio"}]]
set_property INPUT_VALUE_RADIX SIGNED [get_hw_probes alu_input1 -of_objects [get_hw_vios -of_objects [get_hw_devices xc7z020_0] -filter {CELL_NAME=~"vio"}]]
set_property INPUT_VALUE_RADIX SIGNED [get_hw_probes nzimm -of_objects [get_hw_vios -of_objects [get_hw_devices xc7z020_0] -filter {CELL_NAME=~"vio"}]]
set_property INPUT_VALUE_RADIX SIGNED [get_hw_probes regfile_ReadData1 -of_objects [get_hw_vios -of_objects [get_hw_devices xc7z020_0] -filter {CELL_NAME=~"vio"}]]
set_property INPUT_VALUE_RADIX SIGNED [get_hw_probes regfile_WriteData -of_objects [get_hw_vios -of_objects [get_hw_devices xc7z020_0] -filter {CELL_NAME=~"vio"}]]
set_property INPUT_VALUE_RADIX SIGNED [get_hw_probes rs1 -of_objects [get_hw_vios -of_objects [get_hw_devices xc7z020_0] -filter {CELL_NAME=~"vio"}]]
set_property INPUT_VALUE_RADIX SIGNED [get_hw_probes alu_output -of_objects [get_hw_vios -of_objects [get_hw_devices xc7z020_0] -filter {CELL_NAME=~"vio"}]]
set_property INPUT_VALUE_RADIX SIGNED [get_hw_probes instruction -of_objects [get_hw_vios -of_objects [get_hw_devices xc7z020_0] -filter {CELL_NAME=~"vio"}]]
set_property INPUT_VALUE_RADIX SIGNED [get_hw_probes pc -of_objects [get_hw_vios -of_objects [get_hw_devices xc7z020_0] -filter {CELL_NAME=~"vio"}]]
set_property INPUT_VALUE_RADIX UNSIGNED [get_hw_probes rd -of_objects [get_hw_vios -of_objects [get_hw_devices xc7z020_0] -filter {CELL_NAME=~"vio"}]]
set_property INPUT_VALUE_RADIX SIGNED [get_hw_probes alu_input2 -of_objects [get_hw_vios -of_objects [get_hw_devices xc7z020_0] -filter {CELL_NAME=~"vio"}]]
set_property INPUT_VALUE_RADIX UNSIGNED [get_hw_probes offset -of_objects [get_hw_vios -of_objects [get_hw_devices xc7z020_0] -filter {CELL_NAME=~"vio"}]]
set_property INPUT_VALUE_RADIX SIGNED [get_hw_probes offset -of_objects [get_hw_vios -of_objects [get_hw_devices xc7z020_0] -filter {CELL_NAME=~"vio"}]]
set_property INPUT_VALUE_RADIX SIGNED [get_hw_probes opcode -of_objects [get_hw_vios -of_objects [get_hw_devices xc7z020_0] -filter {CELL_NAME=~"vio"}]]
set_property INPUT_VALUE_RADIX BINARY [get_hw_probes opcode -of_objects [get_hw_vios -of_objects [get_hw_devices xc7z020_0] -filter {CELL_NAME=~"vio"}]]
set_property INPUT_VALUE_RADIX SIGNED [get_hw_probes rs2 -of_objects [get_hw_vios -of_objects [get_hw_devices xc7z020_0] -filter {CELL_NAME=~"vio"}]]
set_property INPUT_VALUE_RADIX HEX [get_hw_probes instruction -of_objects [get_hw_vios -of_objects [get_hw_devices xc7z020_0] -filter {CELL_NAME=~"vio"}]]
reset_run synth_1
launch_runs impl_1 -to_step write_bitstream -jobs 8
wait_on_run impl_1
disconnect_hw_server localhost:3121
connect_hw_server -allow_non_jtag
disconnect_hw_server localhost:3121
connect_hw_server -allow_non_jtag
open_hw_target
set_property PROGRAM.FILE {C:/Users/quinn.ti/Documents/lab6/lab6.runs/impl_1/alu_instrmem_top.bit} [get_hw_devices xc7z020_1]
set_property PROBES.FILE {C:/Users/quinn.ti/Documents/lab6/lab6.runs/impl_1/alu_instrmem_top.ltx} [get_hw_devices xc7z020_1]
set_property FULL_PROBES.FILE {C:/Users/quinn.ti/Documents/lab6/lab6.runs/impl_1/alu_instrmem_top.ltx} [get_hw_devices xc7z020_1]
current_hw_device [get_hw_devices xc7z020_1]
refresh_hw_device [lindex [get_hw_devices xc7z020_1] 0]
set_property PROBES.FILE {C:/Users/quinn.ti/Documents/lab6/lab6.runs/impl_1/alu_instrmem_top.ltx} [get_hw_devices xc7z020_1]
set_property FULL_PROBES.FILE {C:/Users/quinn.ti/Documents/lab6/lab6.runs/impl_1/alu_instrmem_top.ltx} [get_hw_devices xc7z020_1]
set_property PROGRAM.FILE {C:/Users/quinn.ti/Documents/lab6/lab6.runs/impl_1/alu_instrmem_top.bit} [get_hw_devices xc7z020_1]
program_hw_devices [get_hw_devices xc7z020_1]
refresh_hw_device [lindex [get_hw_devices xc7z020_1] 0]
